<html>
<body>
<pre>
<h1>µVision Build Log</h1>
<h2>Tool Versions:</h2>
IDE-Version: £gVision V5.36.0.0
Copyright (C) 2021 ARM Ltd and ARM Germany GmbH. All rights reserved.
License Information: 1 COSH, 1, LIC=PE7DL-0WS1Z-AR1XW-QZ1B9-IPF1Q-5UZ06
 
Tool Versions:
Toolchain:       MDK-ARM Plus  Version: 5.36.0.0
Toolchain Path:  C:\Keil_v5\ARM\ARMCC\Bin
C Compiler:      Armcc.exe V5.06 update 7 (build 960)
Assembler:       Armasm.exe V5.06 update 7 (build 960)
Linker/Locator:  ArmLink.exe V5.06 update 7 (build 960)
Library Manager: ArmAr.exe V5.06 update 7 (build 960)
Hex Converter:   FromElf.exe V5.06 update 7 (build 960)
CPU DLL:         
Dialog DLL:      
Target DLL:      Segger\JL2CM3.dll V2.99.40.0
Dialog DLL:      TCM.DLL V1.53.0.0
 
<h2>Project:</h2>
C:\Users\pinyi\OneDrive\®à­±\nRF5_SDK_17.1.0_ddde560\examples\ble_peripheral\ICM20948\pca10056-HJ840\s140\arm5_no_packs\ble_app_uart_pca10056_s140.uvprojx
Project File Date:  03/27/2024

<h2>Output:</h2>
*** Using Compiler 'V5.06 update 7 (build 960)', folder: 'C:\Keil_v5\ARM\ARMCC\Bin'
Build target 'nrf52840_xxaa'
compiling main.c...
..\..\..\..\..\..\modules\nrfx\hal\icm20948.h(356): warning:  #1295-D: Deprecated declaration imu_GYRO_correction - give arg types
  void imu_GYRO_correction();
..\..\..\..\..\..\modules\nrfx\hal\icm20948.h(373): warning:  #1-D: last line of file ends without a newline
  #endif // IMU_H_
..\..\..\main.c(1026): warning:  #188-D: enumerated type mixed with another type
      result = inv_icm20948_set_gyro_dlpf(3);   // 3DB = 5.7Hz  NBW = 8.9Hz  
..\..\..\main.c(1027): warning:  #188-D: enumerated type mixed with another type
      result = inv_icm20948_set_accel_dlpf(3);
..\..\..\main.c(1394): warning:  #1-D: last line of file ends without a newline
  }
..\..\..\main.c(176): warning:  #177-D: function "nrf5_flash_end_addr_get"  was declared but never referenced
  static uint32_t nrf5_flash_end_addr_get()
..\..\..\main.c(215): warning:  #177-D: function "print_flash_info"  was declared but never referenced
  static void print_flash_info(nrf_fstorage_t * p_fstorage)
..\..\..\main.c(773): warning:  #177-D: function "uart_init"  was declared but never referenced
  static void uart_init(void)
..\..\..\main.c(960): warning:  #177-D: function "imu_init"  was declared but never referenced
  static int16_t imu_init(void)
..\..\..\main.c: 9 warnings, 0 errors
linking...
Program Size: Code=25392 RO-data=4004 RW-data=560 ZI-data=12096  
FromELF: creating hex file...
".\_build\nrf52840_xxaa.axf" - 0 Error(s), 9 Warning(s).

<h2>Software Packages used:</h2>

Package Vendor: ARM
                http://www.keil.com/pack/ARM.CMSIS.5.6.0.pack
                ARM.CMSIS.5.6.0
                CMSIS (Cortex Microcontroller Software Interface Standard)
   * Component: CORE Version: 5.3.0

Package Vendor: NordicSemiconductor
                http://developer.nordicsemi.com/nRF5_SDK/pieces/nRF_DeviceFamilyPack/NordicSemiconductor.nRF_DeviceFamilyPack.8.40.3.pack
                NordicSemiconductor.nRF_DeviceFamilyPack.8.40.3
                Nordic Semiconductor nRF ARM devices Device Family Pack with BSD license.
   * Component: Startup Version: 8.40.3

<h2>Collection of Component include folders:</h2>
  .\RTE\_nrf52840_xxaa
  C:\Users\pinyi\AppData\Local\Arm\Packs\ARM\CMSIS\5.6.0\CMSIS\Core\Include
  C:\Users\pinyi\AppData\Local\Arm\Packs\NordicSemiconductor\nRF_DeviceFamilyPack\8.40.3\Device\Include

<h2>Collection of Component Files used:</h2>

   * Component: ARM::CMSIS:CORE:5.3.0

   * Component: NordicSemiconductor::Device:Startup:8.40.3
      Include file:  Device\Include\system_nrf52840.h
      Include file:  Device\Include\system_nrf.h
      Source file:   Device\Source\system_nrf52.c
      Source file:   Device\Source\arm\arm_startup_nrf52840.s
Build Time Elapsed:  00:00:03
</pre>
</body>
</html>
